[1.999s] Invoking command in '/home/pass_is_queens/Developer/WeedEater/rosws/src/controller': PYTHONPATH=/home/pass_is_queens/Developer/WeedEater/build/controller/prefix_override:/usr/lib/python3/dist-packages/colcon_core/task/python/colcon_distutils_commands:/home/pass_is_queens/Developer/WeedEater/install/controller/lib/python3.10/site-packages:${PYTHONPATH} /usr/bin/python3 -W ignore:setup.py install is deprecated -W ignore:easy_install command is deprecated setup.py egg_info --egg-base ../../../build/controller build --build-base /home/pass_is_queens/Developer/WeedEater/build/controller/build install --record /home/pass_is_queens/Developer/WeedEater/build/controller/install.log --single-version-externally-managed install_data
[2.665s] running egg_info
[2.703s] writing ../../../build/controller/controller.egg-info/PKG-INFO
[2.706s] writing dependency_links to ../../../build/controller/controller.egg-info/dependency_links.txt
[2.707s] writing entry points to ../../../build/controller/controller.egg-info/entry_points.txt
[2.707s] writing requirements to ../../../build/controller/controller.egg-info/requires.txt
[2.708s] writing top-level names to ../../../build/controller/controller.egg-info/top_level.txt
[2.797s] reading manifest file '../../../build/controller/controller.egg-info/SOURCES.txt'
[2.799s] writing manifest file '../../../build/controller/controller.egg-info/SOURCES.txt'
[2.800s] running build
[2.800s] running build_py
[2.800s] copying controller/obj_det.py -> /home/pass_is_queens/Developer/WeedEater/build/controller/build/lib/controller
[2.801s] copying controller/laser_grid_gui.py -> /home/pass_is_queens/Developer/WeedEater/build/controller/build/lib/controller
[2.801s] copying controller/obj_det_modded.py -> /home/pass_is_queens/Developer/WeedEater/build/controller/build/lib/controller
[2.802s] copying controller/__init__.py -> /home/pass_is_queens/Developer/WeedEater/build/controller/build/lib/controller
[2.802s] copying controller/camera.py -> /home/pass_is_queens/Developer/WeedEater/build/controller/build/lib/controller
[2.802s] copying controller/steering_pid.py -> /home/pass_is_queens/Developer/WeedEater/build/controller/build/lib/controller
[2.803s] copying controller/line_detector.py -> /home/pass_is_queens/Developer/WeedEater/build/controller/build/lib/controller
[2.803s] copying controller/grid.py -> /home/pass_is_queens/Developer/WeedEater/build/controller/build/lib/controller
[2.804s] running install
[2.816s] running install_lib
[2.853s] copying /home/pass_is_queens/Developer/WeedEater/build/controller/build/lib/controller/obj_det.py -> /home/pass_is_queens/Developer/WeedEater/install/controller/lib/python3.10/site-packages/controller
[2.855s] byte-compiling /home/pass_is_queens/Developer/WeedEater/install/controller/lib/python3.10/site-packages/controller/obj_det.py to obj_det.cpython-310.pyc
[2.857s] running install_data
[2.857s] copying resource/controller -> /home/pass_is_queens/Developer/WeedEater/install/controller/share/ament_index/resource_index/packages
[2.858s] copying package.xml -> /home/pass_is_queens/Developer/WeedEater/install/controller/share/controller
[2.858s] running install_egg_info
[2.898s] removing '/home/pass_is_queens/Developer/WeedEater/install/controller/lib/python3.10/site-packages/controller-0.0.0-py3.10.egg-info' (and everything under it)
[2.898s] Copying ../../../build/controller/controller.egg-info to /home/pass_is_queens/Developer/WeedEater/install/controller/lib/python3.10/site-packages/controller-0.0.0-py3.10.egg-info
[2.901s] running install_scripts
[3.218s] Installing camera script to /home/pass_is_queens/Developer/WeedEater/install/controller/lib/controller
[3.218s] Installing grid script to /home/pass_is_queens/Developer/WeedEater/install/controller/lib/controller
[3.219s] Installing line_detector script to /home/pass_is_queens/Developer/WeedEater/install/controller/lib/controller
[3.219s] Installing obj_det script to /home/pass_is_queens/Developer/WeedEater/install/controller/lib/controller
[3.220s] Installing obj_det_modded script to /home/pass_is_queens/Developer/WeedEater/install/controller/lib/controller
[3.220s] Installing steering_pid script to /home/pass_is_queens/Developer/WeedEater/install/controller/lib/controller
[3.221s] writing list of installed files to '/home/pass_is_queens/Developer/WeedEater/build/controller/install.log'
[3.318s] Invoked command in '/home/pass_is_queens/Developer/WeedEater/rosws/src/controller' returned '0': PYTHONPATH=/home/pass_is_queens/Developer/WeedEater/build/controller/prefix_override:/usr/lib/python3/dist-packages/colcon_core/task/python/colcon_distutils_commands:/home/pass_is_queens/Developer/WeedEater/install/controller/lib/python3.10/site-packages:${PYTHONPATH} /usr/bin/python3 -W ignore:setup.py install is deprecated -W ignore:easy_install command is deprecated setup.py egg_info --egg-base ../../../build/controller build --build-base /home/pass_is_queens/Developer/WeedEater/build/controller/build install --record /home/pass_is_queens/Developer/WeedEater/build/controller/install.log --single-version-externally-managed install_data
