[1.723s] Invoking command in '/home/pass_is_queens/Developer/WeedEater/rosws/src/controller': PYTHONPATH=/home/pass_is_queens/Developer/WeedEater/build/controller/prefix_override:/usr/lib/python3/dist-packages/colcon_core/task/python/colcon_distutils_commands:/home/pass_is_queens/Developer/WeedEater/install/controller/lib/python3.10/site-packages:${PYTHONPATH} /usr/bin/python3 -W ignore:setup.py install is deprecated -W ignore:easy_install command is deprecated setup.py egg_info --egg-base ../../../build/controller build --build-base /home/pass_is_queens/Developer/WeedEater/build/controller/build install --record /home/pass_is_queens/Developer/WeedEater/build/controller/install.log --single-version-externally-managed install_data
[2.272s] running egg_info
[2.305s] writing ../../../build/controller/controller.egg-info/PKG-INFO
[2.306s] writing dependency_links to ../../../build/controller/controller.egg-info/dependency_links.txt
[2.307s] writing entry points to ../../../build/controller/controller.egg-info/entry_points.txt
[2.307s] writing requirements to ../../../build/controller/controller.egg-info/requires.txt
[2.308s] writing top-level names to ../../../build/controller/controller.egg-info/top_level.txt
[2.378s] reading manifest file '../../../build/controller/controller.egg-info/SOURCES.txt'
[2.380s] writing manifest file '../../../build/controller/controller.egg-info/SOURCES.txt'
[2.380s] running build
[2.381s] running build_py
[2.381s] copying controller/obj_det.py -> /home/pass_is_queens/Developer/WeedEater/build/controller/build/lib/controller
[2.381s] copying controller/laser_grid_gui.py -> /home/pass_is_queens/Developer/WeedEater/build/controller/build/lib/controller
[2.382s] copying controller/obj_det_modded.py -> /home/pass_is_queens/Developer/WeedEater/build/controller/build/lib/controller
[2.382s] copying controller/__init__.py -> /home/pass_is_queens/Developer/WeedEater/build/controller/build/lib/controller
[2.382s] copying controller/camera.py -> /home/pass_is_queens/Developer/WeedEater/build/controller/build/lib/controller
[2.383s] copying controller/steering_pid.py -> /home/pass_is_queens/Developer/WeedEater/build/controller/build/lib/controller
[2.383s] copying controller/bb_to_laser.py -> /home/pass_is_queens/Developer/WeedEater/build/controller/build/lib/controller
[2.383s] copying controller/line_detector.py -> /home/pass_is_queens/Developer/WeedEater/build/controller/build/lib/controller
[2.384s] copying controller/grid.py -> /home/pass_is_queens/Developer/WeedEater/build/controller/build/lib/controller
[2.385s] running install
[2.397s] running install_lib
[2.430s] copying /home/pass_is_queens/Developer/WeedEater/build/controller/build/lib/controller/obj_det.py -> /home/pass_is_queens/Developer/WeedEater/install/controller/lib/python3.10/site-packages/controller
[2.432s] byte-compiling /home/pass_is_queens/Developer/WeedEater/install/controller/lib/python3.10/site-packages/controller/obj_det.py to obj_det.cpython-310.pyc
[2.434s] running install_data
[2.434s] copying resource/controller -> /home/pass_is_queens/Developer/WeedEater/install/controller/share/ament_index/resource_index/packages
[2.435s] copying package.xml -> /home/pass_is_queens/Developer/WeedEater/install/controller/share/controller
[2.435s] running install_egg_info
[2.473s] removing '/home/pass_is_queens/Developer/WeedEater/install/controller/lib/python3.10/site-packages/controller-0.0.0-py3.10.egg-info' (and everything under it)
[2.474s] Copying ../../../build/controller/controller.egg-info to /home/pass_is_queens/Developer/WeedEater/install/controller/lib/python3.10/site-packages/controller-0.0.0-py3.10.egg-info
[2.476s] running install_scripts
[2.774s] Installing bb_to_laser script to /home/pass_is_queens/Developer/WeedEater/install/controller/lib/controller
[2.774s] Installing camera script to /home/pass_is_queens/Developer/WeedEater/install/controller/lib/controller
[2.775s] Installing grid script to /home/pass_is_queens/Developer/WeedEater/install/controller/lib/controller
[2.775s] Installing line_detector script to /home/pass_is_queens/Developer/WeedEater/install/controller/lib/controller
[2.775s] Installing obj_det script to /home/pass_is_queens/Developer/WeedEater/install/controller/lib/controller
[2.776s] Installing obj_det_modded script to /home/pass_is_queens/Developer/WeedEater/install/controller/lib/controller
[2.776s] Installing steering_pid script to /home/pass_is_queens/Developer/WeedEater/install/controller/lib/controller
[2.777s] writing list of installed files to '/home/pass_is_queens/Developer/WeedEater/build/controller/install.log'
[2.861s] Invoked command in '/home/pass_is_queens/Developer/WeedEater/rosws/src/controller' returned '0': PYTHONPATH=/home/pass_is_queens/Developer/WeedEater/build/controller/prefix_override:/usr/lib/python3/dist-packages/colcon_core/task/python/colcon_distutils_commands:/home/pass_is_queens/Developer/WeedEater/install/controller/lib/python3.10/site-packages:${PYTHONPATH} /usr/bin/python3 -W ignore:setup.py install is deprecated -W ignore:easy_install command is deprecated setup.py egg_info --egg-base ../../../build/controller build --build-base /home/pass_is_queens/Developer/WeedEater/build/controller/build install --record /home/pass_is_queens/Developer/WeedEater/build/controller/install.log --single-version-externally-managed install_data
