running egg_info
creating ../../../build/controller/controller.egg-info
writing ../../../build/controller/controller.egg-info/PKG-INFO
writing dependency_links to ../../../build/controller/controller.egg-info/dependency_links.txt
writing entry points to ../../../build/controller/controller.egg-info/entry_points.txt
writing requirements to ../../../build/controller/controller.egg-info/requires.txt
writing top-level names to ../../../build/controller/controller.egg-info/top_level.txt
writing manifest file '../../../build/controller/controller.egg-info/SOURCES.txt'
reading manifest file '../../../build/controller/controller.egg-info/SOURCES.txt'
writing manifest file '../../../build/controller/controller.egg-info/SOURCES.txt'
running build
running build_py
creating /home/pass_is_queens/Developer/WeedEater/build/controller/build
creating /home/pass_is_queens/Developer/WeedEater/build/controller/build/lib
creating /home/pass_is_queens/Developer/WeedEater/build/controller/build/lib/controller
copying controller/obj_det.py -> /home/pass_is_queens/Developer/WeedEater/build/controller/build/lib/controller
copying controller/__init__.py -> /home/pass_is_queens/Developer/WeedEater/build/controller/build/lib/controller
copying controller/camera.py -> /home/pass_is_queens/Developer/WeedEater/build/controller/build/lib/controller
copying controller/steering_pid.py -> /home/pass_is_queens/Developer/WeedEater/build/controller/build/lib/controller
copying controller/line_detector.py -> /home/pass_is_queens/Developer/WeedEater/build/controller/build/lib/controller
running install
running install_lib
creating /home/pass_is_queens/Developer/WeedEater/install/controller/lib/python3.10/site-packages/controller
copying /home/pass_is_queens/Developer/WeedEater/build/controller/build/lib/controller/obj_det.py -> /home/pass_is_queens/Developer/WeedEater/install/controller/lib/python3.10/site-packages/controller
copying /home/pass_is_queens/Developer/WeedEater/build/controller/build/lib/controller/__init__.py -> /home/pass_is_queens/Developer/WeedEater/install/controller/lib/python3.10/site-packages/controller
copying /home/pass_is_queens/Developer/WeedEater/build/controller/build/lib/controller/camera.py -> /home/pass_is_queens/Developer/WeedEater/install/controller/lib/python3.10/site-packages/controller
copying /home/pass_is_queens/Developer/WeedEater/build/controller/build/lib/controller/steering_pid.py -> /home/pass_is_queens/Developer/WeedEater/install/controller/lib/python3.10/site-packages/controller
copying /home/pass_is_queens/Developer/WeedEater/build/controller/build/lib/controller/line_detector.py -> /home/pass_is_queens/Developer/WeedEater/install/controller/lib/python3.10/site-packages/controller
byte-compiling /home/pass_is_queens/Developer/WeedEater/install/controller/lib/python3.10/site-packages/controller/obj_det.py to obj_det.cpython-310.pyc
byte-compiling /home/pass_is_queens/Developer/WeedEater/install/controller/lib/python3.10/site-packages/controller/__init__.py to __init__.cpython-310.pyc
byte-compiling /home/pass_is_queens/Developer/WeedEater/install/controller/lib/python3.10/site-packages/controller/camera.py to camera.cpython-310.pyc
byte-compiling /home/pass_is_queens/Developer/WeedEater/install/controller/lib/python3.10/site-packages/controller/steering_pid.py to steering_pid.cpython-310.pyc
byte-compiling /home/pass_is_queens/Developer/WeedEater/install/controller/lib/python3.10/site-packages/controller/line_detector.py to line_detector.cpython-310.pyc
running install_data
creating /home/pass_is_queens/Developer/WeedEater/install/controller/share/ament_index
creating /home/pass_is_queens/Developer/WeedEater/install/controller/share/ament_index/resource_index
creating /home/pass_is_queens/Developer/WeedEater/install/controller/share/ament_index/resource_index/packages
copying resource/controller -> /home/pass_is_queens/Developer/WeedEater/install/controller/share/ament_index/resource_index/packages
copying package.xml -> /home/pass_is_queens/Developer/WeedEater/install/controller/share/controller
running install_egg_info
Copying ../../../build/controller/controller.egg-info to /home/pass_is_queens/Developer/WeedEater/install/controller/lib/python3.10/site-packages/controller-0.0.0-py3.10.egg-info
running install_scripts
Installing camera script to /home/pass_is_queens/Developer/WeedEater/install/controller/lib/controller
Installing line_detector script to /home/pass_is_queens/Developer/WeedEater/install/controller/lib/controller
Installing obj_det script to /home/pass_is_queens/Developer/WeedEater/install/controller/lib/controller
Installing steering_pid script to /home/pass_is_queens/Developer/WeedEater/install/controller/lib/controller
writing list of installed files to '/home/pass_is_queens/Developer/WeedEater/build/controller/install.log'
