[1.773s] Invoking command in '/home/pass_is_queens/Developer/WeedEater/rosws/src/controller': PYTHONPATH=/home/pass_is_queens/Developer/WeedEater/build/controller/prefix_override:/usr/lib/python3/dist-packages/colcon_core/task/python/colcon_distutils_commands:/home/pass_is_queens/Developer/WeedEater/install/controller/lib/python3.10/site-packages:${PYTHONPATH} /usr/bin/python3 -W ignore:setup.py install is deprecated -W ignore:easy_install command is deprecated setup.py egg_info --egg-base ../../../build/controller build --build-base /home/pass_is_queens/Developer/WeedEater/build/controller/build install --record /home/pass_is_queens/Developer/WeedEater/build/controller/install.log --single-version-externally-managed install_data
[2.318s] running egg_info
[2.319s] creating ../../../build/controller/controller.egg-info
[2.352s] writing ../../../build/controller/controller.egg-info/PKG-INFO
[2.354s] writing dependency_links to ../../../build/controller/controller.egg-info/dependency_links.txt
[2.354s] writing entry points to ../../../build/controller/controller.egg-info/entry_points.txt
[2.355s] writing requirements to ../../../build/controller/controller.egg-info/requires.txt
[2.355s] writing top-level names to ../../../build/controller/controller.egg-info/top_level.txt
[2.355s] writing manifest file '../../../build/controller/controller.egg-info/SOURCES.txt'
[2.422s] reading manifest file '../../../build/controller/controller.egg-info/SOURCES.txt'
[2.424s] writing manifest file '../../../build/controller/controller.egg-info/SOURCES.txt'
[2.424s] running build
[2.425s] running build_py
[2.426s] creating /home/pass_is_queens/Developer/WeedEater/build/controller/build
[2.426s] creating /home/pass_is_queens/Developer/WeedEater/build/controller/build/lib
[2.426s] creating /home/pass_is_queens/Developer/WeedEater/build/controller/build/lib/controller
[2.427s] copying controller/obj_det.py -> /home/pass_is_queens/Developer/WeedEater/build/controller/build/lib/controller
[2.427s] copying controller/__init__.py -> /home/pass_is_queens/Developer/WeedEater/build/controller/build/lib/controller
[2.427s] copying controller/camera.py -> /home/pass_is_queens/Developer/WeedEater/build/controller/build/lib/controller
[2.427s] copying controller/steering_pid.py -> /home/pass_is_queens/Developer/WeedEater/build/controller/build/lib/controller
[2.428s] copying controller/line_detector.py -> /home/pass_is_queens/Developer/WeedEater/build/controller/build/lib/controller
[2.429s] running install
[2.441s] running install_lib
[2.475s] creating /home/pass_is_queens/Developer/WeedEater/install/controller/lib/python3.10/site-packages/controller
[2.475s] copying /home/pass_is_queens/Developer/WeedEater/build/controller/build/lib/controller/obj_det.py -> /home/pass_is_queens/Developer/WeedEater/install/controller/lib/python3.10/site-packages/controller
[2.475s] copying /home/pass_is_queens/Developer/WeedEater/build/controller/build/lib/controller/__init__.py -> /home/pass_is_queens/Developer/WeedEater/install/controller/lib/python3.10/site-packages/controller
[2.476s] copying /home/pass_is_queens/Developer/WeedEater/build/controller/build/lib/controller/camera.py -> /home/pass_is_queens/Developer/WeedEater/install/controller/lib/python3.10/site-packages/controller
[2.476s] copying /home/pass_is_queens/Developer/WeedEater/build/controller/build/lib/controller/steering_pid.py -> /home/pass_is_queens/Developer/WeedEater/install/controller/lib/python3.10/site-packages/controller
[2.476s] copying /home/pass_is_queens/Developer/WeedEater/build/controller/build/lib/controller/line_detector.py -> /home/pass_is_queens/Developer/WeedEater/install/controller/lib/python3.10/site-packages/controller
[2.477s] byte-compiling /home/pass_is_queens/Developer/WeedEater/install/controller/lib/python3.10/site-packages/controller/obj_det.py to obj_det.cpython-310.pyc
[2.479s] byte-compiling /home/pass_is_queens/Developer/WeedEater/install/controller/lib/python3.10/site-packages/controller/__init__.py to __init__.cpython-310.pyc
[2.479s] byte-compiling /home/pass_is_queens/Developer/WeedEater/install/controller/lib/python3.10/site-packages/controller/camera.py to camera.cpython-310.pyc
[2.480s] byte-compiling /home/pass_is_queens/Developer/WeedEater/install/controller/lib/python3.10/site-packages/controller/steering_pid.py to steering_pid.cpython-310.pyc
[2.482s] byte-compiling /home/pass_is_queens/Developer/WeedEater/install/controller/lib/python3.10/site-packages/controller/line_detector.py to line_detector.cpython-310.pyc
[2.484s] running install_data
[2.484s] creating /home/pass_is_queens/Developer/WeedEater/install/controller/share/ament_index
[2.484s] creating /home/pass_is_queens/Developer/WeedEater/install/controller/share/ament_index/resource_index
[2.485s] creating /home/pass_is_queens/Developer/WeedEater/install/controller/share/ament_index/resource_index/packages
[2.485s] copying resource/controller -> /home/pass_is_queens/Developer/WeedEater/install/controller/share/ament_index/resource_index/packages
[2.485s] copying package.xml -> /home/pass_is_queens/Developer/WeedEater/install/controller/share/controller
[2.486s] running install_egg_info
[2.523s] Copying ../../../build/controller/controller.egg-info to /home/pass_is_queens/Developer/WeedEater/install/controller/lib/python3.10/site-packages/controller-0.0.0-py3.10.egg-info
[2.525s] running install_scripts
[2.821s] Installing camera script to /home/pass_is_queens/Developer/WeedEater/install/controller/lib/controller
[2.821s] Installing line_detector script to /home/pass_is_queens/Developer/WeedEater/install/controller/lib/controller
[2.822s] Installing obj_det script to /home/pass_is_queens/Developer/WeedEater/install/controller/lib/controller
[2.822s] Installing steering_pid script to /home/pass_is_queens/Developer/WeedEater/install/controller/lib/controller
[2.823s] writing list of installed files to '/home/pass_is_queens/Developer/WeedEater/build/controller/install.log'
[2.906s] Invoked command in '/home/pass_is_queens/Developer/WeedEater/rosws/src/controller' returned '0': PYTHONPATH=/home/pass_is_queens/Developer/WeedEater/build/controller/prefix_override:/usr/lib/python3/dist-packages/colcon_core/task/python/colcon_distutils_commands:/home/pass_is_queens/Developer/WeedEater/install/controller/lib/python3.10/site-packages:${PYTHONPATH} /usr/bin/python3 -W ignore:setup.py install is deprecated -W ignore:easy_install command is deprecated setup.py egg_info --egg-base ../../../build/controller build --build-base /home/pass_is_queens/Developer/WeedEater/build/controller/build install --record /home/pass_is_queens/Developer/WeedEater/build/controller/install.log --single-version-externally-managed install_data
