[1.697s] Invoking command in '/home/pass_is_queens/Developer/WeedEater/rosws/src/controller': PYTHONPATH=/home/pass_is_queens/Developer/WeedEater/build/controller/prefix_override:/usr/lib/python3/dist-packages/colcon_core/task/python/colcon_distutils_commands:/home/pass_is_queens/Developer/WeedEater/install/controller/lib/python3.10/site-packages:${PYTHONPATH} /usr/bin/python3 -W ignore:setup.py install is deprecated -W ignore:easy_install command is deprecated setup.py egg_info --egg-base ../../../build/controller build --build-base /home/pass_is_queens/Developer/WeedEater/build/controller/build install --record /home/pass_is_queens/Developer/WeedEater/build/controller/install.log --single-version-externally-managed install_data
[2.251s] running egg_info
[2.285s] writing ../../../build/controller/controller.egg-info/PKG-INFO
[2.286s] writing dependency_links to ../../../build/controller/controller.egg-info/dependency_links.txt
[2.286s] writing entry points to ../../../build/controller/controller.egg-info/entry_points.txt
[2.286s] writing requirements to ../../../build/controller/controller.egg-info/requires.txt
[2.287s] writing top-level names to ../../../build/controller/controller.egg-info/top_level.txt
[2.358s] reading manifest file '../../../build/controller/controller.egg-info/SOURCES.txt'
[2.360s] writing manifest file '../../../build/controller/controller.egg-info/SOURCES.txt'
[2.360s] running build
[2.360s] running build_py
[2.361s] copying controller/obj_det.py -> /home/pass_is_queens/Developer/WeedEater/build/controller/build/lib/controller
[2.361s] copying controller/laser_grid_gui.py -> /home/pass_is_queens/Developer/WeedEater/build/controller/build/lib/controller
[2.362s] copying controller/__init__.py -> /home/pass_is_queens/Developer/WeedEater/build/controller/build/lib/controller
[2.362s] copying controller/camera.py -> /home/pass_is_queens/Developer/WeedEater/build/controller/build/lib/controller
[2.362s] copying controller/steering_pid.py -> /home/pass_is_queens/Developer/WeedEater/build/controller/build/lib/controller
[2.363s] copying controller/line_detector.py -> /home/pass_is_queens/Developer/WeedEater/build/controller/build/lib/controller
[2.363s] copying controller/grid.py -> /home/pass_is_queens/Developer/WeedEater/build/controller/build/lib/controller
[2.364s] running install
[2.376s] running install_lib
[2.410s] copying /home/pass_is_queens/Developer/WeedEater/build/controller/build/lib/controller/grid.py -> /home/pass_is_queens/Developer/WeedEater/install/controller/lib/python3.10/site-packages/controller
[2.412s] byte-compiling /home/pass_is_queens/Developer/WeedEater/install/controller/lib/python3.10/site-packages/controller/grid.py to grid.cpython-310.pyc
[2.415s] running install_data
[2.415s] copying resource/controller -> /home/pass_is_queens/Developer/WeedEater/install/controller/share/ament_index/resource_index/packages
[2.416s] copying package.xml -> /home/pass_is_queens/Developer/WeedEater/install/controller/share/controller
[2.416s] running install_egg_info
[2.455s] removing '/home/pass_is_queens/Developer/WeedEater/install/controller/lib/python3.10/site-packages/controller-0.0.0-py3.10.egg-info' (and everything under it)
[2.455s] Copying ../../../build/controller/controller.egg-info to /home/pass_is_queens/Developer/WeedEater/install/controller/lib/python3.10/site-packages/controller-0.0.0-py3.10.egg-info
[2.457s] running install_scripts
[2.760s] Installing camera script to /home/pass_is_queens/Developer/WeedEater/install/controller/lib/controller
[2.760s] Installing grid script to /home/pass_is_queens/Developer/WeedEater/install/controller/lib/controller
[2.761s] Installing line_detector script to /home/pass_is_queens/Developer/WeedEater/install/controller/lib/controller
[2.761s] Installing obj_det script to /home/pass_is_queens/Developer/WeedEater/install/controller/lib/controller
[2.762s] Installing steering_pid script to /home/pass_is_queens/Developer/WeedEater/install/controller/lib/controller
[2.763s] writing list of installed files to '/home/pass_is_queens/Developer/WeedEater/build/controller/install.log'
[2.846s] Invoked command in '/home/pass_is_queens/Developer/WeedEater/rosws/src/controller' returned '0': PYTHONPATH=/home/pass_is_queens/Developer/WeedEater/build/controller/prefix_override:/usr/lib/python3/dist-packages/colcon_core/task/python/colcon_distutils_commands:/home/pass_is_queens/Developer/WeedEater/install/controller/lib/python3.10/site-packages:${PYTHONPATH} /usr/bin/python3 -W ignore:setup.py install is deprecated -W ignore:easy_install command is deprecated setup.py egg_info --egg-base ../../../build/controller build --build-base /home/pass_is_queens/Developer/WeedEater/build/controller/build install --record /home/pass_is_queens/Developer/WeedEater/build/controller/install.log --single-version-externally-managed install_data
