[1.887s] Invoking command in '/home/pass_is_queens/Developer/WeedEater/rosws/src/controller': PYTHONPATH=/home/pass_is_queens/Developer/WeedEater/rosws/build/controller/prefix_override:/usr/lib/python3/dist-packages/colcon_core/task/python/colcon_distutils_commands:/home/pass_is_queens/Developer/WeedEater/rosws/install/controller/lib/python3.10/site-packages:${PYTHONPATH} /usr/bin/python3 -W ignore:setup.py install is deprecated -W ignore:easy_install command is deprecated setup.py egg_info --egg-base ../../build/controller build --build-base /home/pass_is_queens/Developer/WeedEater/rosws/build/controller/build install --record /home/pass_is_queens/Developer/WeedEater/rosws/build/controller/install.log --single-version-externally-managed install_data
[2.478s] running egg_info
[2.513s] writing ../../build/controller/controller.egg-info/PKG-INFO
[2.514s] writing dependency_links to ../../build/controller/controller.egg-info/dependency_links.txt
[2.514s] writing entry points to ../../build/controller/controller.egg-info/entry_points.txt
[2.515s] writing requirements to ../../build/controller/controller.egg-info/requires.txt
[2.515s] writing top-level names to ../../build/controller/controller.egg-info/top_level.txt
[2.587s] reading manifest file '../../build/controller/controller.egg-info/SOURCES.txt'
[2.589s] writing manifest file '../../build/controller/controller.egg-info/SOURCES.txt'
[2.590s] running build
[2.590s] running build_py
[2.590s] copying controller/obj_det.py -> /home/pass_is_queens/Developer/WeedEater/rosws/build/controller/build/lib/controller
[2.591s] copying controller/laser_grid_gui.py -> /home/pass_is_queens/Developer/WeedEater/rosws/build/controller/build/lib/controller
[2.592s] copying controller/obj_det_modded.py -> /home/pass_is_queens/Developer/WeedEater/rosws/build/controller/build/lib/controller
[2.592s] copying controller/__init__.py -> /home/pass_is_queens/Developer/WeedEater/rosws/build/controller/build/lib/controller
[2.593s] copying controller/camera.py -> /home/pass_is_queens/Developer/WeedEater/rosws/build/controller/build/lib/controller
[2.593s] copying controller/steering_pid.py -> /home/pass_is_queens/Developer/WeedEater/rosws/build/controller/build/lib/controller
[2.594s] copying controller/bb_to_laser.py -> /home/pass_is_queens/Developer/WeedEater/rosws/build/controller/build/lib/controller
[2.594s] copying controller/line_detector.py -> /home/pass_is_queens/Developer/WeedEater/rosws/build/controller/build/lib/controller
[2.595s] copying controller/grid.py -> /home/pass_is_queens/Developer/WeedEater/rosws/build/controller/build/lib/controller
[2.596s] running install
[2.608s] running install_lib
[2.644s] copying /home/pass_is_queens/Developer/WeedEater/rosws/build/controller/build/lib/controller/obj_det.py -> /home/pass_is_queens/Developer/WeedEater/rosws/install/controller/lib/python3.10/site-packages/controller
[2.644s] copying /home/pass_is_queens/Developer/WeedEater/rosws/build/controller/build/lib/controller/laser_grid_gui.py -> /home/pass_is_queens/Developer/WeedEater/rosws/install/controller/lib/python3.10/site-packages/controller
[2.645s] copying /home/pass_is_queens/Developer/WeedEater/rosws/build/controller/build/lib/controller/obj_det_modded.py -> /home/pass_is_queens/Developer/WeedEater/rosws/install/controller/lib/python3.10/site-packages/controller
[2.645s] copying /home/pass_is_queens/Developer/WeedEater/rosws/build/controller/build/lib/controller/steering_pid.py -> /home/pass_is_queens/Developer/WeedEater/rosws/install/controller/lib/python3.10/site-packages/controller
[2.645s] copying /home/pass_is_queens/Developer/WeedEater/rosws/build/controller/build/lib/controller/bb_to_laser.py -> /home/pass_is_queens/Developer/WeedEater/rosws/install/controller/lib/python3.10/site-packages/controller
[2.646s] copying /home/pass_is_queens/Developer/WeedEater/rosws/build/controller/build/lib/controller/grid.py -> /home/pass_is_queens/Developer/WeedEater/rosws/install/controller/lib/python3.10/site-packages/controller
[2.650s] byte-compiling /home/pass_is_queens/Developer/WeedEater/rosws/install/controller/lib/python3.10/site-packages/controller/obj_det.py to obj_det.cpython-310.pyc
[2.651s] byte-compiling /home/pass_is_queens/Developer/WeedEater/rosws/install/controller/lib/python3.10/site-packages/controller/laser_grid_gui.py to laser_grid_gui.cpython-310.pyc
[2.654s] byte-compiling /home/pass_is_queens/Developer/WeedEater/rosws/install/controller/lib/python3.10/site-packages/controller/obj_det_modded.py to obj_det_modded.cpython-310.pyc
[2.656s] byte-compiling /home/pass_is_queens/Developer/WeedEater/rosws/install/controller/lib/python3.10/site-packages/controller/steering_pid.py to steering_pid.cpython-310.pyc
[2.658s] byte-compiling /home/pass_is_queens/Developer/WeedEater/rosws/install/controller/lib/python3.10/site-packages/controller/bb_to_laser.py to bb_to_laser.cpython-310.pyc
[2.660s] byte-compiling /home/pass_is_queens/Developer/WeedEater/rosws/install/controller/lib/python3.10/site-packages/controller/grid.py to grid.cpython-310.pyc
[2.663s] running install_data
[2.664s] copying resource/controller -> /home/pass_is_queens/Developer/WeedEater/rosws/install/controller/share/ament_index/resource_index/packages
[2.664s] copying package.xml -> /home/pass_is_queens/Developer/WeedEater/rosws/install/controller/share/controller
[2.664s] running install_egg_info
[2.704s] removing '/home/pass_is_queens/Developer/WeedEater/rosws/install/controller/lib/python3.10/site-packages/controller-0.0.0-py3.10.egg-info' (and everything under it)
[2.704s] Copying ../../build/controller/controller.egg-info to /home/pass_is_queens/Developer/WeedEater/rosws/install/controller/lib/python3.10/site-packages/controller-0.0.0-py3.10.egg-info
[2.706s] running install_scripts
[3.013s] Installing bb_to_laser script to /home/pass_is_queens/Developer/WeedEater/rosws/install/controller/lib/controller
[3.014s] Installing camera script to /home/pass_is_queens/Developer/WeedEater/rosws/install/controller/lib/controller
[3.014s] Installing grid script to /home/pass_is_queens/Developer/WeedEater/rosws/install/controller/lib/controller
[3.014s] Installing line_detector script to /home/pass_is_queens/Developer/WeedEater/rosws/install/controller/lib/controller
[3.015s] Installing obj_det script to /home/pass_is_queens/Developer/WeedEater/rosws/install/controller/lib/controller
[3.015s] Installing obj_det_modded script to /home/pass_is_queens/Developer/WeedEater/rosws/install/controller/lib/controller
[3.015s] Installing steering_pid script to /home/pass_is_queens/Developer/WeedEater/rosws/install/controller/lib/controller
[3.016s] writing list of installed files to '/home/pass_is_queens/Developer/WeedEater/rosws/build/controller/install.log'
[3.112s] Invoked command in '/home/pass_is_queens/Developer/WeedEater/rosws/src/controller' returned '0': PYTHONPATH=/home/pass_is_queens/Developer/WeedEater/rosws/build/controller/prefix_override:/usr/lib/python3/dist-packages/colcon_core/task/python/colcon_distutils_commands:/home/pass_is_queens/Developer/WeedEater/rosws/install/controller/lib/python3.10/site-packages:${PYTHONPATH} /usr/bin/python3 -W ignore:setup.py install is deprecated -W ignore:easy_install command is deprecated setup.py egg_info --egg-base ../../build/controller build --build-base /home/pass_is_queens/Developer/WeedEater/rosws/build/controller/build install --record /home/pass_is_queens/Developer/WeedEater/rosws/build/controller/install.log --single-version-externally-managed install_data
