/home/pass_is_queens/Developer/WeedEater/install/controller/lib/python3.10/site-packages/controller/obj_det.py
/home/pass_is_queens/Developer/WeedEater/install/controller/lib/python3.10/site-packages/controller/laser_grid_gui.py
/home/pass_is_queens/Developer/WeedEater/install/controller/lib/python3.10/site-packages/controller/obj_det_modded.py
/home/pass_is_queens/Developer/WeedEater/install/controller/lib/python3.10/site-packages/controller/__init__.py
/home/pass_is_queens/Developer/WeedEater/install/controller/lib/python3.10/site-packages/controller/camera.py
/home/pass_is_queens/Developer/WeedEater/install/controller/lib/python3.10/site-packages/controller/steering_pid.py
/home/pass_is_queens/Developer/WeedEater/install/controller/lib/python3.10/site-packages/controller/bb_to_laser.py
/home/pass_is_queens/Developer/WeedEater/install/controller/lib/python3.10/site-packages/controller/line_detector.py
/home/pass_is_queens/Developer/WeedEater/install/controller/lib/python3.10/site-packages/controller/grid.py
/home/pass_is_queens/Developer/WeedEater/install/controller/lib/python3.10/site-packages/controller/__pycache__/obj_det.cpython-310.pyc
/home/pass_is_queens/Developer/WeedEater/install/controller/lib/python3.10/site-packages/controller/__pycache__/laser_grid_gui.cpython-310.pyc
/home/pass_is_queens/Developer/WeedEater/install/controller/lib/python3.10/site-packages/controller/__pycache__/obj_det_modded.cpython-310.pyc
/home/pass_is_queens/Developer/WeedEater/install/controller/lib/python3.10/site-packages/controller/__pycache__/__init__.cpython-310.pyc
/home/pass_is_queens/Developer/WeedEater/install/controller/lib/python3.10/site-packages/controller/__pycache__/camera.cpython-310.pyc
/home/pass_is_queens/Developer/WeedEater/install/controller/lib/python3.10/site-packages/controller/__pycache__/steering_pid.cpython-310.pyc
/home/pass_is_queens/Developer/WeedEater/install/controller/lib/python3.10/site-packages/controller/__pycache__/bb_to_laser.cpython-310.pyc
/home/pass_is_queens/Developer/WeedEater/install/controller/lib/python3.10/site-packages/controller/__pycache__/line_detector.cpython-310.pyc
/home/pass_is_queens/Developer/WeedEater/install/controller/lib/python3.10/site-packages/controller/__pycache__/grid.cpython-310.pyc
/home/pass_is_queens/Developer/WeedEater/install/controller/share/ament_index/resource_index/packages/controller
/home/pass_is_queens/Developer/WeedEater/install/controller/share/controller/package.xml
/home/pass_is_queens/Developer/WeedEater/install/controller/lib/python3.10/site-packages/controller-0.0.0-py3.10.egg-info/entry_points.txt
/home/pass_is_queens/Developer/WeedEater/install/controller/lib/python3.10/site-packages/controller-0.0.0-py3.10.egg-info/dependency_links.txt
/home/pass_is_queens/Developer/WeedEater/install/controller/lib/python3.10/site-packages/controller-0.0.0-py3.10.egg-info/requires.txt
/home/pass_is_queens/Developer/WeedEater/install/controller/lib/python3.10/site-packages/controller-0.0.0-py3.10.egg-info/PKG-INFO
/home/pass_is_queens/Developer/WeedEater/install/controller/lib/python3.10/site-packages/controller-0.0.0-py3.10.egg-info/zip-safe
/home/pass_is_queens/Developer/WeedEater/install/controller/lib/python3.10/site-packages/controller-0.0.0-py3.10.egg-info/top_level.txt
/home/pass_is_queens/Developer/WeedEater/install/controller/lib/python3.10/site-packages/controller-0.0.0-py3.10.egg-info/SOURCES.txt
/home/pass_is_queens/Developer/WeedEater/install/controller/lib/controller/bb_to_laser
/home/pass_is_queens/Developer/WeedEater/install/controller/lib/controller/camera
/home/pass_is_queens/Developer/WeedEater/install/controller/lib/controller/grid
/home/pass_is_queens/Developer/WeedEater/install/controller/lib/controller/line_detector
/home/pass_is_queens/Developer/WeedEater/install/controller/lib/controller/obj_det
/home/pass_is_queens/Developer/WeedEater/install/controller/lib/controller/obj_det_modded
/home/pass_is_queens/Developer/WeedEater/install/controller/lib/controller/steering_pid
