[0.342s] DEBUG:colcon:Command line arguments: ['/usr/bin/colcon', 'build']
[0.342s] DEBUG:colcon:Parsed command line arguments: Namespace(log_base=None, log_level=None, verb_name='build', build_base='build', install_base='install', merge_install=False, symlink_install=False, test_result_base=None, continue_on_error=False, executor='parallel', parallel_workers=6, event_handlers=None, ignore_user_meta=False, metas=['./colcon.meta'], base_paths=['.'], packages_ignore=None, packages_ignore_regex=None, paths=None, packages_up_to=None, packages_up_to_regex=None, packages_above=None, packages_above_and_dependencies=None, packages_above_depth=None, packages_select_by_dep=None, packages_skip_by_dep=None, packages_skip_up_to=None, packages_select_build_failed=False, packages_skip_build_finished=False, packages_select_test_failures=False, packages_skip_test_passed=False, packages_select=None, packages_skip=None, packages_select_regex=None, packages_skip_regex=None, packages_start=None, packages_end=None, allow_overriding=[], cmake_args=None, cmake_target=None, cmake_target_skip_unavailable=False, cmake_clean_cache=False, cmake_clean_first=False, cmake_force_configure=False, ament_cmake_args=None, catkin_cmake_args=None, catkin_skip_building_tests=False, mixin_files=None, mixin=None, verb_parser=<colcon_mixin.mixin.mixin_argument.MixinArgumentDecorator object at 0xffff8838eaa0>, verb_extension=<colcon_core.verb.build.BuildVerb object at 0xffff88340430>, main=<bound method BuildVerb.main of <colcon_core.verb.build.BuildVerb object at 0xffff88340430>>, mixin_verb=('build',))
[0.444s] Level 1:colcon.colcon_core.package_discovery:discover_packages(colcon_meta) check parameters
[0.444s] Level 1:colcon.colcon_core.package_discovery:discover_packages(recursive) check parameters
[0.445s] Level 1:colcon.colcon_core.package_discovery:discover_packages(ignore) check parameters
[0.445s] Level 1:colcon.colcon_core.package_discovery:discover_packages(path) check parameters
[0.445s] Level 1:colcon.colcon_core.package_discovery:discover_packages(colcon_meta) discover
[0.445s] Level 1:colcon.colcon_core.package_discovery:discover_packages(recursive) discover
[0.445s] INFO:colcon.colcon_core.package_discovery:Crawling recursively for packages in '/home/pass_is_queens/Developer/WeedEater'
[0.445s] Level 1:colcon.colcon_core.package_identification:_identify(.) by extensions ['ignore', 'ignore_ament_install']
[0.445s] Level 1:colcon.colcon_core.package_identification:_identify(.) by extension 'ignore'
[0.446s] Level 1:colcon.colcon_core.package_identification:_identify(.) by extension 'ignore_ament_install'
[0.446s] Level 1:colcon.colcon_core.package_identification:_identify(.) by extensions ['colcon_pkg']
[0.446s] Level 1:colcon.colcon_core.package_identification:_identify(.) by extension 'colcon_pkg'
[0.446s] Level 1:colcon.colcon_core.package_identification:_identify(.) by extensions ['colcon_meta']
[0.446s] Level 1:colcon.colcon_core.package_identification:_identify(.) by extension 'colcon_meta'
[0.446s] Level 1:colcon.colcon_core.package_identification:_identify(.) by extensions ['ros']
[0.446s] Level 1:colcon.colcon_core.package_identification:_identify(.) by extension 'ros'
[0.479s] Level 1:colcon.colcon_core.package_identification:_identify(.) by extensions ['cmake', 'python']
[0.479s] Level 1:colcon.colcon_core.package_identification:_identify(.) by extension 'cmake'
[0.480s] Level 1:colcon.colcon_core.package_identification:_identify(.) by extension 'python'
[0.480s] Level 1:colcon.colcon_core.package_identification:_identify(.) by extensions ['python_setup_py']
[0.480s] Level 1:colcon.colcon_core.package_identification:_identify(.) by extension 'python_setup_py'
[0.480s] Level 1:colcon.colcon_core.package_identification:_identify(build) by extensions ['ignore', 'ignore_ament_install']
[0.480s] Level 1:colcon.colcon_core.package_identification:_identify(build) by extension 'ignore'
[0.480s] Level 1:colcon.colcon_core.package_identification:_identify(build) ignored
[0.481s] Level 1:colcon.colcon_core.package_identification:_identify(install) by extensions ['ignore', 'ignore_ament_install']
[0.481s] Level 1:colcon.colcon_core.package_identification:_identify(install) by extension 'ignore'
[0.481s] Level 1:colcon.colcon_core.package_identification:_identify(install) ignored
[0.481s] Level 1:colcon.colcon_core.package_identification:_identify(log) by extensions ['ignore', 'ignore_ament_install']
[0.482s] Level 1:colcon.colcon_core.package_identification:_identify(log) by extension 'ignore'
[0.482s] Level 1:colcon.colcon_core.package_identification:_identify(log) ignored
[0.482s] Level 1:colcon.colcon_core.package_identification:_identify(rosws) by extensions ['ignore', 'ignore_ament_install']
[0.482s] Level 1:colcon.colcon_core.package_identification:_identify(rosws) by extension 'ignore'
[0.482s] Level 1:colcon.colcon_core.package_identification:_identify(rosws) by extension 'ignore_ament_install'
[0.482s] Level 1:colcon.colcon_core.package_identification:_identify(rosws) by extensions ['colcon_pkg']
[0.482s] Level 1:colcon.colcon_core.package_identification:_identify(rosws) by extension 'colcon_pkg'
[0.483s] Level 1:colcon.colcon_core.package_identification:_identify(rosws) by extensions ['colcon_meta']
[0.483s] Level 1:colcon.colcon_core.package_identification:_identify(rosws) by extension 'colcon_meta'
[0.483s] Level 1:colcon.colcon_core.package_identification:_identify(rosws) by extensions ['ros']
[0.483s] Level 1:colcon.colcon_core.package_identification:_identify(rosws) by extension 'ros'
[0.483s] Level 1:colcon.colcon_core.package_identification:_identify(rosws) by extensions ['cmake', 'python']
[0.483s] Level 1:colcon.colcon_core.package_identification:_identify(rosws) by extension 'cmake'
[0.483s] Level 1:colcon.colcon_core.package_identification:_identify(rosws) by extension 'python'
[0.483s] Level 1:colcon.colcon_core.package_identification:_identify(rosws) by extensions ['python_setup_py']
[0.483s] Level 1:colcon.colcon_core.package_identification:_identify(rosws) by extension 'python_setup_py'
[0.484s] Level 1:colcon.colcon_core.package_identification:_identify(rosws/build) by extensions ['ignore', 'ignore_ament_install']
[0.484s] Level 1:colcon.colcon_core.package_identification:_identify(rosws/build) by extension 'ignore'
[0.484s] Level 1:colcon.colcon_core.package_identification:_identify(rosws/build) ignored
[0.484s] Level 1:colcon.colcon_core.package_identification:_identify(rosws/install) by extensions ['ignore', 'ignore_ament_install']
[0.484s] Level 1:colcon.colcon_core.package_identification:_identify(rosws/install) by extension 'ignore'
[0.484s] Level 1:colcon.colcon_core.package_identification:_identify(rosws/install) ignored
[0.485s] Level 1:colcon.colcon_core.package_identification:_identify(rosws/log) by extensions ['ignore', 'ignore_ament_install']
[0.485s] Level 1:colcon.colcon_core.package_identification:_identify(rosws/log) by extension 'ignore'
[0.485s] Level 1:colcon.colcon_core.package_identification:_identify(rosws/log) ignored
[0.485s] Level 1:colcon.colcon_core.package_identification:_identify(rosws/src) by extensions ['ignore', 'ignore_ament_install']
[0.485s] Level 1:colcon.colcon_core.package_identification:_identify(rosws/src) by extension 'ignore'
[0.485s] Level 1:colcon.colcon_core.package_identification:_identify(rosws/src) by extension 'ignore_ament_install'
[0.485s] Level 1:colcon.colcon_core.package_identification:_identify(rosws/src) by extensions ['colcon_pkg']
[0.485s] Level 1:colcon.colcon_core.package_identification:_identify(rosws/src) by extension 'colcon_pkg'
[0.486s] Level 1:colcon.colcon_core.package_identification:_identify(rosws/src) by extensions ['colcon_meta']
[0.486s] Level 1:colcon.colcon_core.package_identification:_identify(rosws/src) by extension 'colcon_meta'
[0.486s] Level 1:colcon.colcon_core.package_identification:_identify(rosws/src) by extensions ['ros']
[0.486s] Level 1:colcon.colcon_core.package_identification:_identify(rosws/src) by extension 'ros'
[0.486s] Level 1:colcon.colcon_core.package_identification:_identify(rosws/src) by extensions ['cmake', 'python']
[0.486s] Level 1:colcon.colcon_core.package_identification:_identify(rosws/src) by extension 'cmake'
[0.486s] Level 1:colcon.colcon_core.package_identification:_identify(rosws/src) by extension 'python'
[0.486s] Level 1:colcon.colcon_core.package_identification:_identify(rosws/src) by extensions ['python_setup_py']
[0.486s] Level 1:colcon.colcon_core.package_identification:_identify(rosws/src) by extension 'python_setup_py'
[0.487s] Level 1:colcon.colcon_core.package_identification:_identify(rosws/src/controller) by extensions ['ignore', 'ignore_ament_install']
[0.487s] Level 1:colcon.colcon_core.package_identification:_identify(rosws/src/controller) by extension 'ignore'
[0.487s] Level 1:colcon.colcon_core.package_identification:_identify(rosws/src/controller) by extension 'ignore_ament_install'
[0.487s] Level 1:colcon.colcon_core.package_identification:_identify(rosws/src/controller) by extensions ['colcon_pkg']
[0.487s] Level 1:colcon.colcon_core.package_identification:_identify(rosws/src/controller) by extension 'colcon_pkg'
[0.487s] Level 1:colcon.colcon_core.package_identification:_identify(rosws/src/controller) by extensions ['colcon_meta']
[0.487s] Level 1:colcon.colcon_core.package_identification:_identify(rosws/src/controller) by extension 'colcon_meta'
[0.487s] Level 1:colcon.colcon_core.package_identification:_identify(rosws/src/controller) by extensions ['ros']
[0.487s] Level 1:colcon.colcon_core.package_identification:_identify(rosws/src/controller) by extension 'ros'
[0.494s] DEBUG:colcon.colcon_core.package_identification:Package 'rosws/src/controller' with type 'ros.ament_python' and name 'controller'
[0.494s] Level 1:colcon.colcon_core.package_discovery:discover_packages(recursive) using defaults
[0.494s] Level 1:colcon.colcon_core.package_discovery:discover_packages(ignore) discover
[0.494s] Level 1:colcon.colcon_core.package_discovery:discover_packages(ignore) using defaults
[0.494s] Level 1:colcon.colcon_core.package_discovery:discover_packages(path) discover
[0.494s] Level 1:colcon.colcon_core.package_discovery:discover_packages(path) using defaults
[0.545s] Level 1:colcon.colcon_core.package_discovery:discover_packages(prefix_path) check parameters
[0.545s] Level 1:colcon.colcon_core.package_discovery:discover_packages(prefix_path) discover
[0.551s] DEBUG:colcon.colcon_installed_package_information.package_discovery:Found 271 installed packages in /opt/ros/humble
[0.553s] Level 1:colcon.colcon_core.package_discovery:discover_packages(prefix_path) using defaults
[0.629s] Level 5:colcon.colcon_core.verb:set package 'controller' build argument 'cmake_args' from command line to 'None'
[0.629s] Level 5:colcon.colcon_core.verb:set package 'controller' build argument 'cmake_target' from command line to 'None'
[0.629s] Level 5:colcon.colcon_core.verb:set package 'controller' build argument 'cmake_target_skip_unavailable' from command line to 'False'
[0.629s] Level 5:colcon.colcon_core.verb:set package 'controller' build argument 'cmake_clean_cache' from command line to 'False'
[0.629s] Level 5:colcon.colcon_core.verb:set package 'controller' build argument 'cmake_clean_first' from command line to 'False'
[0.629s] Level 5:colcon.colcon_core.verb:set package 'controller' build argument 'cmake_force_configure' from command line to 'False'
[0.629s] Level 5:colcon.colcon_core.verb:set package 'controller' build argument 'ament_cmake_args' from command line to 'None'
[0.629s] Level 5:colcon.colcon_core.verb:set package 'controller' build argument 'catkin_cmake_args' from command line to 'None'
[0.629s] Level 5:colcon.colcon_core.verb:set package 'controller' build argument 'catkin_skip_building_tests' from command line to 'False'
[0.629s] DEBUG:colcon.colcon_core.verb:Building package 'controller' with the following arguments: {'ament_cmake_args': None, 'build_base': '/home/pass_is_queens/Developer/WeedEater/build/controller', 'catkin_cmake_args': None, 'catkin_skip_building_tests': False, 'cmake_args': None, 'cmake_clean_cache': False, 'cmake_clean_first': False, 'cmake_force_configure': False, 'cmake_target': None, 'cmake_target_skip_unavailable': False, 'install_base': '/home/pass_is_queens/Developer/WeedEater/install/controller', 'merge_install': False, 'path': '/home/pass_is_queens/Developer/WeedEater/rosws/src/controller', 'symlink_install': False, 'test_result_base': None}
[0.630s] INFO:colcon.colcon_core.executor:Executing jobs using 'parallel' executor
[0.632s] DEBUG:colcon.colcon_parallel_executor.executor.parallel:run_until_complete
[0.633s] INFO:colcon.colcon_ros.task.ament_python.build:Building ROS package in '/home/pass_is_queens/Developer/WeedEater/rosws/src/controller' with build type 'ament_python'
[0.633s] Level 1:colcon.colcon_core.shell:create_environment_hook('controller', 'ament_prefix_path')
[0.640s] INFO:colcon.colcon_core.plugin_system:Skipping extension 'colcon_core.shell.bat': Not used on non-Windows systems
[0.640s] INFO:colcon.colcon_core.shell:Creating environment hook '/home/pass_is_queens/Developer/WeedEater/install/controller/share/controller/hook/ament_prefix_path.ps1'
[0.642s] INFO:colcon.colcon_core.shell:Creating environment descriptor '/home/pass_is_queens/Developer/WeedEater/install/controller/share/controller/hook/ament_prefix_path.dsv'
[0.643s] INFO:colcon.colcon_core.shell:Creating environment hook '/home/pass_is_queens/Developer/WeedEater/install/controller/share/controller/hook/ament_prefix_path.sh'
[0.645s] INFO:colcon.colcon_core.shell:Skip shell extension 'powershell' for command environment: Not usable outside of PowerShell
[0.645s] DEBUG:colcon.colcon_core.shell:Skip shell extension 'dsv' for command environment
[1.152s] INFO:colcon.colcon_core.task.python.build:Building Python package in '/home/pass_is_queens/Developer/WeedEater/rosws/src/controller'
[1.153s] INFO:colcon.colcon_core.shell:Skip shell extension 'powershell' for command environment: Not usable outside of PowerShell
[1.153s] DEBUG:colcon.colcon_core.shell:Skip shell extension 'dsv' for command environment
[2.546s] DEBUG:colcon.colcon_core.event_handler.log_command:Invoking command in '/home/pass_is_queens/Developer/WeedEater/rosws/src/controller': PYTHONPATH=/home/pass_is_queens/Developer/WeedEater/build/controller/prefix_override:/usr/lib/python3/dist-packages/colcon_core/task/python/colcon_distutils_commands:/home/pass_is_queens/Developer/WeedEater/install/controller/lib/python3.10/site-packages:${PYTHONPATH} /usr/bin/python3 -W ignore:setup.py install is deprecated -W ignore:easy_install command is deprecated setup.py egg_info --egg-base ../../../build/controller build --build-base /home/pass_is_queens/Developer/WeedEater/build/controller/build install --record /home/pass_is_queens/Developer/WeedEater/build/controller/install.log --single-version-externally-managed install_data
[3.740s] DEBUG:colcon.colcon_core.event_handler.log_command:Invoked command in '/home/pass_is_queens/Developer/WeedEater/rosws/src/controller' returned '0': PYTHONPATH=/home/pass_is_queens/Developer/WeedEater/build/controller/prefix_override:/usr/lib/python3/dist-packages/colcon_core/task/python/colcon_distutils_commands:/home/pass_is_queens/Developer/WeedEater/install/controller/lib/python3.10/site-packages:${PYTHONPATH} /usr/bin/python3 -W ignore:setup.py install is deprecated -W ignore:easy_install command is deprecated setup.py egg_info --egg-base ../../../build/controller build --build-base /home/pass_is_queens/Developer/WeedEater/build/controller/build install --record /home/pass_is_queens/Developer/WeedEater/build/controller/install.log --single-version-externally-managed install_data
[3.749s] Level 1:colcon.colcon_core.environment:checking '/home/pass_is_queens/Developer/WeedEater/install/controller' for CMake module files
[3.750s] Level 1:colcon.colcon_core.environment:checking '/home/pass_is_queens/Developer/WeedEater/install/controller' for CMake config files
[3.752s] Level 1:colcon.colcon_core.environment:checking '/home/pass_is_queens/Developer/WeedEater/install/controller/lib'
[3.752s] Level 1:colcon.colcon_core.environment:checking '/home/pass_is_queens/Developer/WeedEater/install/controller/bin'
[3.752s] Level 1:colcon.colcon_core.environment:checking '/home/pass_is_queens/Developer/WeedEater/install/controller/lib/pkgconfig/controller.pc'
[3.753s] Level 1:colcon.colcon_core.environment:checking '/home/pass_is_queens/Developer/WeedEater/install/controller/lib/python3.10/site-packages'
[3.753s] Level 1:colcon.colcon_core.shell:create_environment_hook('controller', 'pythonpath')
[3.754s] INFO:colcon.colcon_core.shell:Creating environment hook '/home/pass_is_queens/Developer/WeedEater/install/controller/share/controller/hook/pythonpath.ps1'
[3.756s] INFO:colcon.colcon_core.shell:Creating environment descriptor '/home/pass_is_queens/Developer/WeedEater/install/controller/share/controller/hook/pythonpath.dsv'
[3.758s] INFO:colcon.colcon_core.shell:Creating environment hook '/home/pass_is_queens/Developer/WeedEater/install/controller/share/controller/hook/pythonpath.sh'
[3.760s] Level 1:colcon.colcon_core.environment:checking '/home/pass_is_queens/Developer/WeedEater/install/controller/bin'
[3.761s] Level 1:colcon.colcon_core.environment:create_environment_scripts_only(controller)
[3.762s] INFO:colcon.colcon_core.shell:Creating package script '/home/pass_is_queens/Developer/WeedEater/install/controller/share/controller/package.ps1'
[3.765s] INFO:colcon.colcon_core.shell:Creating package descriptor '/home/pass_is_queens/Developer/WeedEater/install/controller/share/controller/package.dsv'
[3.767s] INFO:colcon.colcon_core.shell:Creating package script '/home/pass_is_queens/Developer/WeedEater/install/controller/share/controller/package.sh'
[3.770s] INFO:colcon.colcon_core.shell:Creating package script '/home/pass_is_queens/Developer/WeedEater/install/controller/share/controller/package.bash'
[3.773s] INFO:colcon.colcon_core.shell:Creating package script '/home/pass_is_queens/Developer/WeedEater/install/controller/share/controller/package.zsh'
[3.777s] Level 1:colcon.colcon_core.environment:create_file_with_runtime_dependencies(/home/pass_is_queens/Developer/WeedEater/install/controller/share/colcon-core/packages/controller)
[3.778s] DEBUG:colcon.colcon_parallel_executor.executor.parallel:closing loop
[3.779s] DEBUG:colcon.colcon_parallel_executor.executor.parallel:loop closed
[3.779s] DEBUG:colcon.colcon_parallel_executor.executor.parallel:run_until_complete finished with '0'
[3.780s] DEBUG:colcon.colcon_core.event_reactor:joining thread
[3.802s] INFO:colcon.colcon_core.plugin_system:Skipping extension 'colcon_notification.desktop_notification.terminal_notifier': Not used on non-Darwin systems
[3.802s] INFO:colcon.colcon_core.plugin_system:Skipping extension 'colcon_notification.desktop_notification.win32': Not used on non-Windows systems
[3.803s] INFO:colcon.colcon_notification.desktop_notification:Sending desktop notification using 'notify2'
[3.875s] DEBUG:colcon.colcon_core.event_reactor:joined thread
[3.876s] INFO:colcon.colcon_core.shell:Creating prefix script '/home/pass_is_queens/Developer/WeedEater/install/local_setup.ps1'
[3.881s] INFO:colcon.colcon_core.shell:Creating prefix util module '/home/pass_is_queens/Developer/WeedEater/install/_local_setup_util_ps1.py'
[3.887s] INFO:colcon.colcon_core.shell:Creating prefix chain script '/home/pass_is_queens/Developer/WeedEater/install/setup.ps1'
[3.891s] INFO:colcon.colcon_core.shell:Creating prefix script '/home/pass_is_queens/Developer/WeedEater/install/local_setup.sh'
[3.894s] INFO:colcon.colcon_core.shell:Creating prefix util module '/home/pass_is_queens/Developer/WeedEater/install/_local_setup_util_sh.py'
[3.896s] INFO:colcon.colcon_core.shell:Creating prefix chain script '/home/pass_is_queens/Developer/WeedEater/install/setup.sh'
[3.899s] INFO:colcon.colcon_core.shell:Creating prefix script '/home/pass_is_queens/Developer/WeedEater/install/local_setup.bash'
[3.901s] INFO:colcon.colcon_core.shell:Creating prefix chain script '/home/pass_is_queens/Developer/WeedEater/install/setup.bash'
[3.905s] INFO:colcon.colcon_core.shell:Creating prefix script '/home/pass_is_queens/Developer/WeedEater/install/local_setup.zsh'
[3.907s] INFO:colcon.colcon_core.shell:Creating prefix chain script '/home/pass_is_queens/Developer/WeedEater/install/setup.zsh'
